--------------------------------------------------------------------------------
Lattice Synthesis Timing Report, Version  
Wed Oct 01 19:28:13 2025

Copyright (c) 1991-1994 by NeoCAD Inc. All rights reserved.
Copyright (c) 1995 AT&T Corp.   All rights reserved.
Copyright (c) 1995-2001 Lucent Technologies Inc.  All rights reserved.
Copyright (c) 2001 Agere Systems   All rights reserved.
Copyright (c) 2002-2024 Lattice Semiconductor Corporation,  All rights reserved.

Report Information
------------------
Design:     top
Constraint file:  
Report level:    verbose report, limited to 3 items per constraint
--------------------------------------------------------------------------------



================================================================================
Constraint: create_clock -period 5.000000 -name clk0 [get_nets fastclk_c]
            4096 items scored, 4096 timing errors detected.
--------------------------------------------------------------------------------


Error:  The following path violates requirements by 73.171ns

 Logical Details:  Cell type  Pin type       Cell name  (clock net +/-)

   Source:         FD1S3AY    CK             \u_pwm_led/dist_clamped_i1  (from fastclk_c +)
   Destination:    FD1S3AX    D              \u_pwm_led/duty_calc_i1  (to fastclk_c +)

   Delay:                  78.346ns  (34.9% logic, 65.1% route), 143 logic levels.

 Constraint Details:

     78.346ns data_path \u_pwm_led/dist_clamped_i1 to \u_pwm_led/duty_calc_i1 violates
      5.000ns delay constraint less
     -0.175ns L_S requirement (totaling 5.175ns) by 73.171ns

 Path Details: \u_pwm_led/dist_clamped_i1 to \u_pwm_led/duty_calc_i1

   Name    Fanout   Delay (ns)          Pins               Resource(Cell.Net)
L_CO        ---     0.365             CK to Q              \u_pwm_led/dist_clamped_i1 (from fastclk_c)
Route         1   e 1.020                                  dist_clamped[1]
A1_TO_FCO   ---     0.329           A[2] to COUT           _add_1_1802_add_4_1
Route         1   e 0.020                                  n9548
FCI_TO_FCO  ---     0.051            CIN to COUT           _add_1_1802_add_4_3
Route         1   e 0.020                                  n9549
FCI_TO_FCO  ---     0.051            CIN to COUT           _add_1_1802_add_4_5
Route         1   e 0.020                                  n9550
FCI_TO_FCO  ---     0.051            CIN to COUT           _add_1_1802_add_4_7
Route         1   e 0.020                                  n9551
FCI_TO_FCO  ---     0.051            CIN to COUT           _add_1_1802_add_4_9
Route         1   e 0.020                                  n9552
FCI_TO_FCO  ---     0.051            CIN to COUT           _add_1_1802_add_4_11
Route         1   e 0.020                                  n9553
FCI_TO_FCO  ---     0.051            CIN to COUT           _add_1_1802_add_4_13
Route         1   e 0.020                                  n9554
FCI_TO_FCO  ---     0.051            CIN to COUT           _add_1_1802_add_4_15
Route         1   e 0.020                                  n9555
FCI_TO_F    ---     0.322            CIN to S[2]           _add_1_1802_add_4_17
Route        16   e 1.674                                  n39_adj_514
MuPd        ---     2.720          A[18] to P[36]          \u_pwm_led/mult_8
Route         1   e 1.020                                  \u_pwm_led/n5877
AluPd       ---     2.037         MA[36] to R[54]          \u_pwm_led/lat_alu_1
Route        12   e 1.516                                  duty_calc_31__N_430[28]
LUT4        ---     0.166              B to Z              \u_pwm_led/i1_2_lut
Route         2   e 1.158                                  n6557
A1_TO_FCO   ---     0.329           B[2] to COUT           _add_1_1796_add_4_5
Route         1   e 0.020                                  n9472
FCI_TO_FCO  ---     0.051            CIN to COUT           _add_1_1796_add_4_7
Route         1   e 0.020                                  n9473
FCI_TO_FCO  ---     0.051            CIN to COUT           _add_1_1796_add_4_9
Route         1   e 0.020                                  n9474
FCI_TO_F    ---     0.322            CIN to S[2]           _add_1_1796_add_4_11
Route        12   e 1.616                                  n1989
A1_TO_FCO   ---     0.329           A[2] to COUT           _add_1_1793_add_4_2
Route         1   e 0.020                                  n9517
FCI_TO_FCO  ---     0.051            CIN to COUT           _add_1_1793_add_4_4
Route         1   e 0.020                                  n9518
FCI_TO_FCO  ---     0.051            CIN to COUT           _add_1_1793_add_4_6
Route         1   e 0.020                                  n9519
FCI_TO_FCO  ---     0.051            CIN to COUT           _add_1_1793_add_4_8
Route         1   e 0.020                                  n9520
FCI_TO_F    ---     0.322            CIN to S[2]           _add_1_1793_add_4_10
Route        12   e 1.616                                  n2012
A1_TO_FCO   ---     0.329           A[2] to COUT           _add_1_1790_add_4_2
Route         1   e 0.020                                  n9557
FCI_TO_FCO  ---     0.051            CIN to COUT           _add_1_1790_add_4_4
Route         1   e 0.020                                  n9558
FCI_TO_FCO  ---     0.051            CIN to COUT           _add_1_1790_add_4_6
Route         1   e 0.020                                  n9559
FCI_TO_FCO  ---     0.051            CIN to COUT           _add_1_1790_add_4_8
Route         1   e 0.020                                  n9560
FCI_TO_F    ---     0.322            CIN to S[2]           _add_1_1790_add_4_10
Route        12   e 1.616                                  n2035
A1_TO_FCO   ---     0.329           A[2] to COUT           _add_1_1787_add_4_2
Route         1   e 0.020                                  n9653
FCI_TO_FCO  ---     0.051            CIN to COUT           _add_1_1787_add_4_4
Route         1   e 0.020                                  n9654
FCI_TO_FCO  ---     0.051            CIN to COUT           _add_1_1787_add_4_6
Route         1   e 0.020                                  n9655
FCI_TO_FCO  ---     0.051            CIN to COUT           _add_1_1787_add_4_8
Route         1   e 0.020                                  n9656
FCI_TO_F    ---     0.322            CIN to S[2]           _add_1_1787_add_4_10
Route        12   e 1.616                                  n2058
A1_TO_FCO   ---     0.329           A[2] to COUT           _add_1_1772_add_4_2
Route         1   e 0.020                                  n9563
FCI_TO_FCO  ---     0.051            CIN to COUT           _add_1_1772_add_4_4
Route         1   e 0.020                                  n9564
FCI_TO_FCO  ---     0.051            CIN to COUT           _add_1_1772_add_4_6
Route         1   e 0.020                                  n9565
FCI_TO_FCO  ---     0.051            CIN to COUT           _add_1_1772_add_4_8
Route         1   e 0.020                                  n9566
FCI_TO_F    ---     0.322            CIN to S[2]           _add_1_1772_add_4_10
Route        12   e 1.616                                  n2081
A1_TO_FCO   ---     0.329           A[2] to COUT           _add_1_1766_add_4_2
Route         1   e 0.020                                  n9543
FCI_TO_FCO  ---     0.051            CIN to COUT           _add_1_1766_add_4_4
Route         1   e 0.020                                  n9544
FCI_TO_FCO  ---     0.051            CIN to COUT           _add_1_1766_add_4_6
Route         1   e 0.020                                  n9545
FCI_TO_FCO  ---     0.051            CIN to COUT           _add_1_1766_add_4_8
Route         1   e 0.020                                  n9546
FCI_TO_F    ---     0.322            CIN to S[2]           _add_1_1766_add_4_10
Route        12   e 1.616                                  n2104
A1_TO_FCO   ---     0.329           A[2] to COUT           _add_1_1859_add_4_2
Route         1   e 0.020                                  n9505
FCI_TO_FCO  ---     0.051            CIN to COUT           _add_1_1859_add_4_4
Route         1   e 0.020                                  n9506
FCI_TO_FCO  ---     0.051            CIN to COUT           _add_1_1859_add_4_6
Route         1   e 0.020                                  n9507
FCI_TO_FCO  ---     0.051            CIN to COUT           _add_1_1859_add_4_8
Route         1   e 0.020                                  n9508
FCI_TO_F    ---     0.322            CIN to S[2]           _add_1_1859_add_4_10
Route        12   e 1.616                                  n2127
A1_TO_FCO   ---     0.329           A[2] to COUT           _add_1_1781_add_4_2
Route         1   e 0.020                                  n9591
FCI_TO_FCO  ---     0.051            CIN to COUT           _add_1_1781_add_4_4
Route         1   e 0.020                                  n9592
FCI_TO_FCO  ---     0.051            CIN to COUT           _add_1_1781_add_4_6
Route         1   e 0.020                                  n9593
FCI_TO_FCO  ---     0.051            CIN to COUT           _add_1_1781_add_4_8
Route         1   e 0.020                                  n9594
FCI_TO_F    ---     0.322            CIN to S[2]           _add_1_1781_add_4_10
Route        12   e 1.616                                  n2150
A1_TO_FCO   ---     0.329           A[2] to COUT           _add_1_1799_add_4_2
Route         1   e 0.020                                  n9537
FCI_TO_FCO  ---     0.051            CIN to COUT           _add_1_1799_add_4_4
Route         1   e 0.020                                  n9538
FCI_TO_FCO  ---     0.051            CIN to COUT           _add_1_1799_add_4_6
Route         1   e 0.020                                  n9539
FCI_TO_FCO  ---     0.051            CIN to COUT           _add_1_1799_add_4_8
Route         1   e 0.020                                  n9540
FCI_TO_F    ---     0.322            CIN to S[2]           _add_1_1799_add_4_10
Route        12   e 1.616                                  n2173
A1_TO_FCO   ---     0.329           A[2] to COUT           _add_1_1805_add_4_2
Route         1   e 0.020                                  n9569
FCI_TO_FCO  ---     0.051            CIN to COUT           _add_1_1805_add_4_4
Route         1   e 0.020                                  n9570
FCI_TO_FCO  ---     0.051            CIN to COUT           _add_1_1805_add_4_6
Route         1   e 0.020                                  n9571
FCI_TO_FCO  ---     0.051            CIN to COUT           _add_1_1805_add_4_8
Route         1   e 0.020                                  n9572
FCI_TO_F    ---     0.322            CIN to S[2]           _add_1_1805_add_4_10
Route        12   e 1.616                                  n2196
A1_TO_FCO   ---     0.329           A[2] to COUT           _add_1_1808_add_4_2
Route         1   e 0.020                                  n9597
FCI_TO_FCO  ---     0.051            CIN to COUT           _add_1_1808_add_4_4
Route         1   e 0.020                                  n9598
FCI_TO_FCO  ---     0.051            CIN to COUT           _add_1_1808_add_4_6
Route         1   e 0.020                                  n9599
FCI_TO_FCO  ---     0.051            CIN to COUT           _add_1_1808_add_4_8
Route         1   e 0.020                                  n9600
FCI_TO_F    ---     0.322            CIN to S[2]           _add_1_1808_add_4_10
Route        12   e 1.616                                  n2219
A1_TO_FCO   ---     0.329           A[2] to COUT           _add_1_1811_add_4_2
Route         1   e 0.020                                  n9603
FCI_TO_FCO  ---     0.051            CIN to COUT           _add_1_1811_add_4_4
Route         1   e 0.020                                  n9604
FCI_TO_FCO  ---     0.051            CIN to COUT           _add_1_1811_add_4_6
Route         1   e 0.020                                  n9605
FCI_TO_FCO  ---     0.051            CIN to COUT           _add_1_1811_add_4_8
Route         1   e 0.020                                  n9606
FCI_TO_F    ---     0.322            CIN to S[2]           _add_1_1811_add_4_10
Route        12   e 1.616                                  n2242
A1_TO_FCO   ---     0.329           A[2] to COUT           _add_1_1814_add_4_2
Route         1   e 0.020                                  n9609
FCI_TO_FCO  ---     0.051            CIN to COUT           _add_1_1814_add_4_4
Route         1   e 0.020                                  n9610
FCI_TO_FCO  ---     0.051            CIN to COUT           _add_1_1814_add_4_6
Route         1   e 0.020                                  n9611
FCI_TO_FCO  ---     0.051            CIN to COUT           _add_1_1814_add_4_8
Route         1   e 0.020                                  n9612
FCI_TO_F    ---     0.322            CIN to S[2]           _add_1_1814_add_4_10
Route        12   e 1.616                                  n2265
A1_TO_FCO   ---     0.329           A[2] to COUT           _add_1_1817_add_4_2
Route         1   e 0.020                                  n9615
FCI_TO_FCO  ---     0.051            CIN to COUT           _add_1_1817_add_4_4
Route         1   e 0.020                                  n9616
FCI_TO_FCO  ---     0.051            CIN to COUT           _add_1_1817_add_4_6
Route         1   e 0.020                                  n9617
FCI_TO_FCO  ---     0.051            CIN to COUT           _add_1_1817_add_4_8
Route         1   e 0.020                                  n9618
FCI_TO_F    ---     0.322            CIN to S[2]           _add_1_1817_add_4_10
Route        12   e 1.616                                  n2288
A1_TO_FCO   ---     0.329           A[2] to COUT           _add_1_1820_add_4_2
Route         1   e 0.020                                  n9621
FCI_TO_FCO  ---     0.051            CIN to COUT           _add_1_1820_add_4_4
Route         1   e 0.020                                  n9622
FCI_TO_FCO  ---     0.051            CIN to COUT           _add_1_1820_add_4_6
Route         1   e 0.020                                  n9623
FCI_TO_FCO  ---     0.051            CIN to COUT           _add_1_1820_add_4_8
Route         1   e 0.020                                  n9624
FCI_TO_F    ---     0.322            CIN to S[2]           _add_1_1820_add_4_10
Route        12   e 1.616                                  n2311
A1_TO_FCO   ---     0.329           A[2] to COUT           _add_1_1823_add_4_2
Route         1   e 0.020                                  n9627
FCI_TO_FCO  ---     0.051            CIN to COUT           _add_1_1823_add_4_4
Route         1   e 0.020                                  n9628
FCI_TO_FCO  ---     0.051            CIN to COUT           _add_1_1823_add_4_6
Route         1   e 0.020                                  n9629
FCI_TO_FCO  ---     0.051            CIN to COUT           _add_1_1823_add_4_8
Route         1   e 0.020                                  n9630
FCI_TO_F    ---     0.322            CIN to S[2]           _add_1_1823_add_4_10
Route        12   e 1.616                                  n2334
A1_TO_FCO   ---     0.329           A[2] to COUT           _add_1_1826_add_4_2
Route         1   e 0.020                                  n9647
FCI_TO_FCO  ---     0.051            CIN to COUT           _add_1_1826_add_4_4
Route         1   e 0.020                                  n9648
FCI_TO_FCO  ---     0.051            CIN to COUT           _add_1_1826_add_4_6
Route         1   e 0.020                                  n9649
FCI_TO_FCO  ---     0.051            CIN to COUT           _add_1_1826_add_4_8
Route         1   e 0.020                                  n9650
FCI_TO_F    ---     0.322            CIN to S[2]           _add_1_1826_add_4_10
Route        12   e 1.616                                  n2357
A1_TO_FCO   ---     0.329           A[2] to COUT           _add_1_1829_add_4_2
Route         1   e 0.020                                  n9659
FCI_TO_FCO  ---     0.051            CIN to COUT           _add_1_1829_add_4_4
Route         1   e 0.020                                  n9660
FCI_TO_FCO  ---     0.051            CIN to COUT           _add_1_1829_add_4_6
Route         1   e 0.020                                  n9661
FCI_TO_FCO  ---     0.051            CIN to COUT           _add_1_1829_add_4_8
Route         1   e 0.020                                  n9662
FCI_TO_F    ---     0.322            CIN to S[2]           _add_1_1829_add_4_10
Route        12   e 1.616                                  n2380
A1_TO_FCO   ---     0.329           A[2] to COUT           _add_1_1832_add_4_2
Route         1   e 0.020                                  n9665
FCI_TO_FCO  ---     0.051            CIN to COUT           _add_1_1832_add_4_4
Route         1   e 0.020                                  n9666
FCI_TO_FCO  ---     0.051            CIN to COUT           _add_1_1832_add_4_6
Route         1   e 0.020                                  n9667
FCI_TO_FCO  ---     0.051            CIN to COUT           _add_1_1832_add_4_8
Route         1   e 0.020                                  n9668
FCI_TO_F    ---     0.322            CIN to S[2]           _add_1_1832_add_4_10
Route        12   e 1.616                                  n2403
A1_TO_FCO   ---     0.329           A[2] to COUT           _add_1_1835_add_4_2
Route         1   e 0.020                                  n9493
FCI_TO_FCO  ---     0.051            CIN to COUT           _add_1_1835_add_4_4
Route         1   e 0.020                                  n9494
FCI_TO_FCO  ---     0.051            CIN to COUT           _add_1_1835_add_4_6
Route         1   e 0.020                                  n9495
FCI_TO_FCO  ---     0.051            CIN to COUT           _add_1_1835_add_4_8
Route         1   e 0.020                                  n9496
FCI_TO_F    ---     0.322            CIN to S[2]           _add_1_1835_add_4_10
Route        12   e 1.616                                  n2426
A1_TO_FCO   ---     0.329           A[2] to COUT           _add_1_1838_add_4_2
Route         1   e 0.020                                  n9499
FCI_TO_FCO  ---     0.051            CIN to COUT           _add_1_1838_add_4_4
Route         1   e 0.020                                  n9500
FCI_TO_FCO  ---     0.051            CIN to COUT           _add_1_1838_add_4_6
Route         1   e 0.020                                  n9501
FCI_TO_FCO  ---     0.051            CIN to COUT           _add_1_1838_add_4_8
Route         1   e 0.020                                  n9502
FCI_TO_F    ---     0.322            CIN to S[2]           _add_1_1838_add_4_10
Route        12   e 1.616                                  n2449
A1_TO_FCO   ---     0.329           A[2] to COUT           _add_1_1841_add_4_2
Route         1   e 0.020                                  n9449
FCI_TO_FCO  ---     0.051            CIN to COUT           _add_1_1841_add_4_4
Route         1   e 0.020                                  n9450
FCI_TO_FCO  ---     0.051            CIN to COUT           _add_1_1841_add_4_6
Route         1   e 0.020                                  n9451
FCI_TO_FCO  ---     0.051            CIN to COUT           _add_1_1841_add_4_8
Route         1   e 0.020                                  n9452
FCI_TO_F    ---     0.322            CIN to S[2]           _add_1_1841_add_4_10
Route        12   e 1.616                                  n2472
A1_TO_FCO   ---     0.329           A[2] to COUT           _add_1_1844_add_4_2
Route         1   e 0.020                                  n9523
FCI_TO_FCO  ---     0.051            CIN to COUT           _add_1_1844_add_4_4
Route         1   e 0.020                                  n9524
FCI_TO_FCO  ---     0.051            CIN to COUT           _add_1_1844_add_4_6
Route         1   e 0.020                                  n9525
FCI_TO_FCO  ---     0.051            CIN to COUT           _add_1_1844_add_4_8
Route         1   e 0.020                                  n9526
FCI_TO_F    ---     0.322            CIN to S[2]           _add_1_1844_add_4_10
Route        12   e 1.616                                  n2495
A1_TO_FCO   ---     0.329           A[2] to COUT           _add_1_1847_add_4_2
Route         1   e 0.020                                  n9511
FCI_TO_FCO  ---     0.051            CIN to COUT           _add_1_1847_add_4_4
Route         1   e 0.020                                  n9512
FCI_TO_FCO  ---     0.051            CIN to COUT           _add_1_1847_add_4_6
Route         1   e 0.020                                  n9513
FCI_TO_FCO  ---     0.051            CIN to COUT           _add_1_1847_add_4_8
Route         1   e 0.020                                  n9514
FCI_TO_F    ---     0.322            CIN to S[2]           _add_1_1847_add_4_10
Route        12   e 1.616                                  n2518
A1_TO_FCO   ---     0.329           A[2] to COUT           _add_1_1850_add_4_2
Route         1   e 0.020                                  n9641
FCI_TO_FCO  ---     0.051            CIN to COUT           _add_1_1850_add_4_4
Route         1   e 0.020                                  n9642
FCI_TO_FCO  ---     0.051            CIN to COUT           _add_1_1850_add_4_6
Route         1   e 0.020                                  n9643
FCI_TO_FCO  ---     0.051            CIN to COUT           _add_1_1850_add_4_8
Route         1   e 0.020                                  n9644
FCI_TO_F    ---     0.322            CIN to S[2]           _add_1_1850_add_4_10
Route        11   e 1.599                                  n2541
A1_TO_FCO   ---     0.329           A[2] to COUT           _add_1_add_4_2
Route         1   e 0.020                                  n9487
FCI_TO_FCO  ---     0.051            CIN to COUT           _add_1_add_4_4
Route         1   e 0.020                                  n9488
FCI_TO_FCO  ---     0.051            CIN to COUT           _add_1_add_4_6
Route         1   e 0.020                                  n9489
FCI_TO_FCO  ---     0.051            CIN to COUT           _add_1_add_4_8
Route         1   e 0.020                                  n9490
FCI_TO_F    ---     0.322            CIN to S[2]           _add_1_add_4_10
Route         1   e 1.020                                  n24
LUT4        ---     0.166              A to Z              \u_pwm_led/i426_1_lut
Route         1   e 1.020                                  \u_pwm_led/duty_calc_31__N_381[1]
                  --------
                   78.346  (34.9% logic, 65.1% route), 143 logic levels.


Error:  The following path violates requirements by 73.171ns

 Logical Details:  Cell type  Pin type       Cell name  (clock net +/-)

   Source:         FD1S3AY    CK             \u_pwm_led/dist_clamped_i1  (from fastclk_c +)
   Destination:    FD1S3AX    D              \u_pwm_led/duty_calc_i1  (to fastclk_c +)

   Delay:                  78.346ns  (34.9% logic, 65.1% route), 143 logic levels.

 Constraint Details:

     78.346ns data_path \u_pwm_led/dist_clamped_i1 to \u_pwm_led/duty_calc_i1 violates
      5.000ns delay constraint less
     -0.175ns L_S requirement (totaling 5.175ns) by 73.171ns

 Path Details: \u_pwm_led/dist_clamped_i1 to \u_pwm_led/duty_calc_i1

   Name    Fanout   Delay (ns)          Pins               Resource(Cell.Net)
L_CO        ---     0.365             CK to Q              \u_pwm_led/dist_clamped_i1 (from fastclk_c)
Route         1   e 1.020                                  dist_clamped[1]
A1_TO_FCO   ---     0.329           A[2] to COUT           _add_1_1802_add_4_1
Route         1   e 0.020                                  n9548
FCI_TO_FCO  ---     0.051            CIN to COUT           _add_1_1802_add_4_3
Route         1   e 0.020                                  n9549
FCI_TO_FCO  ---     0.051            CIN to COUT           _add_1_1802_add_4_5
Route         1   e 0.020                                  n9550
FCI_TO_FCO  ---     0.051            CIN to COUT           _add_1_1802_add_4_7
Route         1   e 0.020                                  n9551
FCI_TO_FCO  ---     0.051            CIN to COUT           _add_1_1802_add_4_9
Route         1   e 0.020                                  n9552
FCI_TO_FCO  ---     0.051            CIN to COUT           _add_1_1802_add_4_11
Route         1   e 0.020                                  n9553
FCI_TO_FCO  ---     0.051            CIN to COUT           _add_1_1802_add_4_13
Route         1   e 0.020                                  n9554
FCI_TO_FCO  ---     0.051            CIN to COUT           _add_1_1802_add_4_15
Route         1   e 0.020                                  n9555
FCI_TO_F    ---     0.322            CIN to S[2]           _add_1_1802_add_4_17
Route        16   e 1.674                                  n39_adj_514
MuPd        ---     2.720          A[18] to P[36]          \u_pwm_led/lat_mult_0
Route         1   e 1.020                                  \u_pwm_led/n5950
AluPd       ---     2.037         MB[36] to R[54]          \u_pwm_led/lat_alu_1
Route        12   e 1.516                                  duty_calc_31__N_430[28]
LUT4        ---     0.166              B to Z              \u_pwm_led/i1_2_lut
Route         2   e 1.158                                  n6557
A1_TO_FCO   ---     0.329           B[2] to COUT           _add_1_1796_add_4_5
Route         1   e 0.020                                  n9472
FCI_TO_FCO  ---     0.051            CIN to COUT           _add_1_1796_add_4_7
Route         1   e 0.020                                  n9473
FCI_TO_FCO  ---     0.051            CIN to COUT           _add_1_1796_add_4_9
Route         1   e 0.020                                  n9474
FCI_TO_F    ---     0.322            CIN to S[2]           _add_1_1796_add_4_11
Route        12   e 1.616                                  n1989
A1_TO_FCO   ---     0.329           A[2] to COUT           _add_1_1793_add_4_2
Route         1   e 0.020                                  n9517
FCI_TO_FCO  ---     0.051            CIN to COUT           _add_1_1793_add_4_4
Route         1   e 0.020                                  n9518
FCI_TO_FCO  ---     0.051            CIN to COUT           _add_1_1793_add_4_6
Route         1   e 0.020                                  n9519
FCI_TO_FCO  ---     0.051            CIN to COUT           _add_1_1793_add_4_8
Route         1   e 0.020                                  n9520
FCI_TO_F    ---     0.322            CIN to S[2]           _add_1_1793_add_4_10
Route        12   e 1.616                                  n2012
A1_TO_FCO   ---     0.329           A[2] to COUT           _add_1_1790_add_4_2
Route         1   e 0.020                                  n9557
FCI_TO_FCO  ---     0.051            CIN to COUT           _add_1_1790_add_4_4
Route         1   e 0.020                                  n9558
FCI_TO_FCO  ---     0.051            CIN to COUT           _add_1_1790_add_4_6
Route         1   e 0.020                                  n9559
FCI_TO_FCO  ---     0.051            CIN to COUT           _add_1_1790_add_4_8
Route         1   e 0.020                                  n9560
FCI_TO_F    ---     0.322            CIN to S[2]           _add_1_1790_add_4_10
Route        12   e 1.616                                  n2035
A1_TO_FCO   ---     0.329           A[2] to COUT           _add_1_1787_add_4_2
Route         1   e 0.020                                  n9653
FCI_TO_FCO  ---     0.051            CIN to COUT           _add_1_1787_add_4_4
Route         1   e 0.020                                  n9654
FCI_TO_FCO  ---     0.051            CIN to COUT           _add_1_1787_add_4_6
Route         1   e 0.020                                  n9655
FCI_TO_FCO  ---     0.051            CIN to COUT           _add_1_1787_add_4_8
Route         1   e 0.020                                  n9656
FCI_TO_F    ---     0.322            CIN to S[2]           _add_1_1787_add_4_10
Route        12   e 1.616                                  n2058
A1_TO_FCO   ---     0.329           A[2] to COUT           _add_1_1772_add_4_2
Route         1   e 0.020                                  n9563
FCI_TO_FCO  ---     0.051            CIN to COUT           _add_1_1772_add_4_4
Route         1   e 0.020                                  n9564
FCI_TO_FCO  ---     0.051            CIN to COUT           _add_1_1772_add_4_6
Route         1   e 0.020                                  n9565
FCI_TO_FCO  ---     0.051            CIN to COUT           _add_1_1772_add_4_8
Route         1   e 0.020                                  n9566
FCI_TO_F    ---     0.322            CIN to S[2]           _add_1_1772_add_4_10
Route        12   e 1.616                                  n2081
A1_TO_FCO   ---     0.329           A[2] to COUT           _add_1_1766_add_4_2
Route         1   e 0.020                                  n9543
FCI_TO_FCO  ---     0.051            CIN to COUT           _add_1_1766_add_4_4
Route         1   e 0.020                                  n9544
FCI_TO_FCO  ---     0.051            CIN to COUT           _add_1_1766_add_4_6
Route         1   e 0.020                                  n9545
FCI_TO_FCO  ---     0.051            CIN to COUT           _add_1_1766_add_4_8
Route         1   e 0.020                                  n9546
FCI_TO_F    ---     0.322            CIN to S[2]           _add_1_1766_add_4_10
Route        12   e 1.616                                  n2104
A1_TO_FCO   ---     0.329           A[2] to COUT           _add_1_1859_add_4_2
Route         1   e 0.020                                  n9505
FCI_TO_FCO  ---     0.051            CIN to COUT           _add_1_1859_add_4_4
Route         1   e 0.020                                  n9506
FCI_TO_FCO  ---     0.051            CIN to COUT           _add_1_1859_add_4_6
Route         1   e 0.020                                  n9507
FCI_TO_FCO  ---     0.051            CIN to COUT           _add_1_1859_add_4_8
Route         1   e 0.020                                  n9508
FCI_TO_F    ---     0.322            CIN to S[2]           _add_1_1859_add_4_10
Route        12   e 1.616                                  n2127
A1_TO_FCO   ---     0.329           A[2] to COUT           _add_1_1781_add_4_2
Route         1   e 0.020                                  n9591
FCI_TO_FCO  ---     0.051            CIN to COUT           _add_1_1781_add_4_4
Route         1   e 0.020                                  n9592
FCI_TO_FCO  ---     0.051            CIN to COUT           _add_1_1781_add_4_6
Route         1   e 0.020                                  n9593
FCI_TO_FCO  ---     0.051            CIN to COUT           _add_1_1781_add_4_8
Route         1   e 0.020                                  n9594
FCI_TO_F    ---     0.322            CIN to S[2]           _add_1_1781_add_4_10
Route        12   e 1.616                                  n2150
A1_TO_FCO   ---     0.329           A[2] to COUT           _add_1_1799_add_4_2
Route         1   e 0.020                                  n9537
FCI_TO_FCO  ---     0.051            CIN to COUT           _add_1_1799_add_4_4
Route         1   e 0.020                                  n9538
FCI_TO_FCO  ---     0.051            CIN to COUT           _add_1_1799_add_4_6
Route         1   e 0.020                                  n9539
FCI_TO_FCO  ---     0.051            CIN to COUT           _add_1_1799_add_4_8
Route         1   e 0.020                                  n9540
FCI_TO_F    ---     0.322            CIN to S[2]           _add_1_1799_add_4_10
Route        12   e 1.616                                  n2173
A1_TO_FCO   ---     0.329           A[2] to COUT           _add_1_1805_add_4_2
Route         1   e 0.020                                  n9569
FCI_TO_FCO  ---     0.051            CIN to COUT           _add_1_1805_add_4_4
Route         1   e 0.020                                  n9570
FCI_TO_FCO  ---     0.051            CIN to COUT           _add_1_1805_add_4_6
Route         1   e 0.020                                  n9571
FCI_TO_FCO  ---     0.051            CIN to COUT           _add_1_1805_add_4_8
Route         1   e 0.020                                  n9572
FCI_TO_F    ---     0.322            CIN to S[2]           _add_1_1805_add_4_10
Route        12   e 1.616                                  n2196
A1_TO_FCO   ---     0.329           A[2] to COUT           _add_1_1808_add_4_2
Route         1   e 0.020                                  n9597
FCI_TO_FCO  ---     0.051            CIN to COUT           _add_1_1808_add_4_4
Route         1   e 0.020                                  n9598
FCI_TO_FCO  ---     0.051            CIN to COUT           _add_1_1808_add_4_6
Route         1   e 0.020                                  n9599
FCI_TO_FCO  ---     0.051            CIN to COUT           _add_1_1808_add_4_8
Route         1   e 0.020                                  n9600
FCI_TO_F    ---     0.322            CIN to S[2]           _add_1_1808_add_4_10
Route        12   e 1.616                                  n2219
A1_TO_FCO   ---     0.329           A[2] to COUT           _add_1_1811_add_4_2
Route         1   e 0.020                                  n9603
FCI_TO_FCO  ---     0.051            CIN to COUT           _add_1_1811_add_4_4
Route         1   e 0.020                                  n9604
FCI_TO_FCO  ---     0.051            CIN to COUT           _add_1_1811_add_4_6
Route         1   e 0.020                                  n9605
FCI_TO_FCO  ---     0.051            CIN to COUT           _add_1_1811_add_4_8
Route         1   e 0.020                                  n9606
FCI_TO_F    ---     0.322            CIN to S[2]           _add_1_1811_add_4_10
Route        12   e 1.616                                  n2242
A1_TO_FCO   ---     0.329           A[2] to COUT           _add_1_1814_add_4_2
Route         1   e 0.020                                  n9609
FCI_TO_FCO  ---     0.051            CIN to COUT           _add_1_1814_add_4_4
Route         1   e 0.020                                  n9610
FCI_TO_FCO  ---     0.051            CIN to COUT           _add_1_1814_add_4_6
Route         1   e 0.020                                  n9611
FCI_TO_FCO  ---     0.051            CIN to COUT           _add_1_1814_add_4_8
Route         1   e 0.020                                  n9612
FCI_TO_F    ---     0.322            CIN to S[2]           _add_1_1814_add_4_10
Route        12   e 1.616                                  n2265
A1_TO_FCO   ---     0.329           A[2] to COUT           _add_1_1817_add_4_2
Route         1   e 0.020                                  n9615
FCI_TO_FCO  ---     0.051            CIN to COUT           _add_1_1817_add_4_4
Route         1   e 0.020                                  n9616
FCI_TO_FCO  ---     0.051            CIN to COUT           _add_1_1817_add_4_6
Route         1   e 0.020                                  n9617
FCI_TO_FCO  ---     0.051            CIN to COUT           _add_1_1817_add_4_8
Route         1   e 0.020                                  n9618
FCI_TO_F    ---     0.322            CIN to S[2]           _add_1_1817_add_4_10
Route        12   e 1.616                                  n2288
A1_TO_FCO   ---     0.329           A[2] to COUT           _add_1_1820_add_4_2
Route         1   e 0.020                                  n9621
FCI_TO_FCO  ---     0.051            CIN to COUT           _add_1_1820_add_4_4
Route         1   e 0.020                                  n9622
FCI_TO_FCO  ---     0.051            CIN to COUT           _add_1_1820_add_4_6
Route         1   e 0.020                                  n9623
FCI_TO_FCO  ---     0.051            CIN to COUT           _add_1_1820_add_4_8
Route         1   e 0.020                                  n9624
FCI_TO_F    ---     0.322            CIN to S[2]           _add_1_1820_add_4_10
Route        12   e 1.616                                  n2311
A1_TO_FCO   ---     0.329           A[2] to COUT           _add_1_1823_add_4_2
Route         1   e 0.020                                  n9627
FCI_TO_FCO  ---     0.051            CIN to COUT           _add_1_1823_add_4_4
Route         1   e 0.020                                  n9628
FCI_TO_FCO  ---     0.051            CIN to COUT           _add_1_1823_add_4_6
Route         1   e 0.020                                  n9629
FCI_TO_FCO  ---     0.051            CIN to COUT           _add_1_1823_add_4_8
Route         1   e 0.020                                  n9630
FCI_TO_F    ---     0.322            CIN to S[2]           _add_1_1823_add_4_10
Route        12   e 1.616                                  n2334
A1_TO_FCO   ---     0.329           A[2] to COUT           _add_1_1826_add_4_2
Route         1   e 0.020                                  n9647
FCI_TO_FCO  ---     0.051            CIN to COUT           _add_1_1826_add_4_4
Route         1   e 0.020                                  n9648
FCI_TO_FCO  ---     0.051            CIN to COUT           _add_1_1826_add_4_6
Route         1   e 0.020                                  n9649
FCI_TO_FCO  ---     0.051            CIN to COUT           _add_1_1826_add_4_8
Route         1   e 0.020                                  n9650
FCI_TO_F    ---     0.322            CIN to S[2]           _add_1_1826_add_4_10
Route        12   e 1.616                                  n2357
A1_TO_FCO   ---     0.329           A[2] to COUT           _add_1_1829_add_4_2
Route         1   e 0.020                                  n9659
FCI_TO_FCO  ---     0.051            CIN to COUT           _add_1_1829_add_4_4
Route         1   e 0.020                                  n9660
FCI_TO_FCO  ---     0.051            CIN to COUT           _add_1_1829_add_4_6
Route         1   e 0.020                                  n9661
FCI_TO_FCO  ---     0.051            CIN to COUT           _add_1_1829_add_4_8
Route         1   e 0.020                                  n9662
FCI_TO_F    ---     0.322            CIN to S[2]           _add_1_1829_add_4_10
Route        12   e 1.616                                  n2380
A1_TO_FCO   ---     0.329           A[2] to COUT           _add_1_1832_add_4_2
Route         1   e 0.020                                  n9665
FCI_TO_FCO  ---     0.051            CIN to COUT           _add_1_1832_add_4_4
Route         1   e 0.020                                  n9666
FCI_TO_FCO  ---     0.051            CIN to COUT           _add_1_1832_add_4_6
Route         1   e 0.020                                  n9667
FCI_TO_FCO  ---     0.051            CIN to COUT           _add_1_1832_add_4_8
Route         1   e 0.020                                  n9668
FCI_TO_F    ---     0.322            CIN to S[2]           _add_1_1832_add_4_10
Route        12   e 1.616                                  n2403
A1_TO_FCO   ---     0.329           A[2] to COUT           _add_1_1835_add_4_2
Route         1   e 0.020                                  n9493
FCI_TO_FCO  ---     0.051            CIN to COUT           _add_1_1835_add_4_4
Route         1   e 0.020                                  n9494
FCI_TO_FCO  ---     0.051            CIN to COUT           _add_1_1835_add_4_6
Route         1   e 0.020                                  n9495
FCI_TO_FCO  ---     0.051            CIN to COUT           _add_1_1835_add_4_8
Route         1   e 0.020                                  n9496
FCI_TO_F    ---     0.322            CIN to S[2]           _add_1_1835_add_4_10
Route        12   e 1.616                                  n2426
A1_TO_FCO   ---     0.329           A[2] to COUT           _add_1_1838_add_4_2
Route         1   e 0.020                                  n9499
FCI_TO_FCO  ---     0.051            CIN to COUT           _add_1_1838_add_4_4
Route         1   e 0.020                                  n9500
FCI_TO_FCO  ---     0.051            CIN to COUT           _add_1_1838_add_4_6
Route         1   e 0.020                                  n9501
FCI_TO_FCO  ---     0.051            CIN to COUT           _add_1_1838_add_4_8
Route         1   e 0.020                                  n9502
FCI_TO_F    ---     0.322            CIN to S[2]           _add_1_1838_add_4_10
Route        12   e 1.616                                  n2449
A1_TO_FCO   ---     0.329           A[2] to COUT           _add_1_1841_add_4_2
Route         1   e 0.020                                  n9449
FCI_TO_FCO  ---     0.051            CIN to COUT           _add_1_1841_add_4_4
Route         1   e 0.020                                  n9450
FCI_TO_FCO  ---     0.051            CIN to COUT           _add_1_1841_add_4_6
Route         1   e 0.020                                  n9451
FCI_TO_FCO  ---     0.051            CIN to COUT           _add_1_1841_add_4_8
Route         1   e 0.020                                  n9452
FCI_TO_F    ---     0.322            CIN to S[2]           _add_1_1841_add_4_10
Route        12   e 1.616                                  n2472
A1_TO_FCO   ---     0.329           A[2] to COUT           _add_1_1844_add_4_2
Route         1   e 0.020                                  n9523
FCI_TO_FCO  ---     0.051            CIN to COUT           _add_1_1844_add_4_4
Route         1   e 0.020                                  n9524
FCI_TO_FCO  ---     0.051            CIN to COUT           _add_1_1844_add_4_6
Route         1   e 0.020                                  n9525
FCI_TO_FCO  ---     0.051            CIN to COUT           _add_1_1844_add_4_8
Route         1   e 0.020                                  n9526
FCI_TO_F    ---     0.322            CIN to S[2]           _add_1_1844_add_4_10
Route        12   e 1.616                                  n2495
A1_TO_FCO   ---     0.329           A[2] to COUT           _add_1_1847_add_4_2
Route         1   e 0.020                                  n9511
FCI_TO_FCO  ---     0.051            CIN to COUT           _add_1_1847_add_4_4
Route         1   e 0.020                                  n9512
FCI_TO_FCO  ---     0.051            CIN to COUT           _add_1_1847_add_4_6
Route         1   e 0.020                                  n9513
FCI_TO_FCO  ---     0.051            CIN to COUT           _add_1_1847_add_4_8
Route         1   e 0.020                                  n9514
FCI_TO_F    ---     0.322            CIN to S[2]           _add_1_1847_add_4_10
Route        12   e 1.616                                  n2518
A1_TO_FCO   ---     0.329           A[2] to COUT           _add_1_1850_add_4_2
Route         1   e 0.020                                  n9641
FCI_TO_FCO  ---     0.051            CIN to COUT           _add_1_1850_add_4_4
Route         1   e 0.020                                  n9642
FCI_TO_FCO  ---     0.051            CIN to COUT           _add_1_1850_add_4_6
Route         1   e 0.020                                  n9643
FCI_TO_FCO  ---     0.051            CIN to COUT           _add_1_1850_add_4_8
Route         1   e 0.020                                  n9644
FCI_TO_F    ---     0.322            CIN to S[2]           _add_1_1850_add_4_10
Route        11   e 1.599                                  n2541
A1_TO_FCO   ---     0.329           A[2] to COUT           _add_1_add_4_2
Route         1   e 0.020                                  n9487
FCI_TO_FCO  ---     0.051            CIN to COUT           _add_1_add_4_4
Route         1   e 0.020                                  n9488
FCI_TO_FCO  ---     0.051            CIN to COUT           _add_1_add_4_6
Route         1   e 0.020                                  n9489
FCI_TO_FCO  ---     0.051            CIN to COUT           _add_1_add_4_8
Route         1   e 0.020                                  n9490
FCI_TO_F    ---     0.322            CIN to S[2]           _add_1_add_4_10
Route         1   e 1.020                                  n24
LUT4        ---     0.166              A to Z              \u_pwm_led/i426_1_lut
Route         1   e 1.020                                  \u_pwm_led/duty_calc_31__N_381[1]
                  --------
                   78.346  (34.9% logic, 65.1% route), 143 logic levels.


Error:  The following path violates requirements by 73.171ns

 Logical Details:  Cell type  Pin type       Cell name  (clock net +/-)

   Source:         FD1S3AY    CK             \u_pwm_led/dist_clamped_i1  (from fastclk_c +)
   Destination:    FD1S3AX    D              \u_pwm_led/duty_calc_i1  (to fastclk_c +)

   Delay:                  78.346ns  (34.9% logic, 65.1% route), 143 logic levels.

 Constraint Details:

     78.346ns data_path \u_pwm_led/dist_clamped_i1 to \u_pwm_led/duty_calc_i1 violates
      5.000ns delay constraint less
     -0.175ns L_S requirement (totaling 5.175ns) by 73.171ns

 Path Details: \u_pwm_led/dist_clamped_i1 to \u_pwm_led/duty_calc_i1

   Name    Fanout   Delay (ns)          Pins               Resource(Cell.Net)
L_CO        ---     0.365             CK to Q              \u_pwm_led/dist_clamped_i1 (from fastclk_c)
Route         1   e 1.020                                  dist_clamped[1]
A1_TO_FCO   ---     0.329           A[2] to COUT           _add_1_1802_add_4_1
Route         1   e 0.020                                  n9548
FCI_TO_FCO  ---     0.051            CIN to COUT           _add_1_1802_add_4_3
Route         1   e 0.020                                  n9549
FCI_TO_FCO  ---     0.051            CIN to COUT           _add_1_1802_add_4_5
Route         1   e 0.020                                  n9550
FCI_TO_FCO  ---     0.051            CIN to COUT           _add_1_1802_add_4_7
Route         1   e 0.020                                  n9551
FCI_TO_FCO  ---     0.051            CIN to COUT           _add_1_1802_add_4_9
Route         1   e 0.020                                  n9552
FCI_TO_FCO  ---     0.051            CIN to COUT           _add_1_1802_add_4_11
Route         1   e 0.020                                  n9553
FCI_TO_FCO  ---     0.051            CIN to COUT           _add_1_1802_add_4_13
Route         1   e 0.020                                  n9554
FCI_TO_FCO  ---     0.051            CIN to COUT           _add_1_1802_add_4_15
Route         1   e 0.020                                  n9555
FCI_TO_F    ---     0.322            CIN to S[2]           _add_1_1802_add_4_17
Route        16   e 1.674                                  n39_adj_514
MuPd        ---     2.720          A[18] to P[36]          \u_pwm_led/lat_mult_0
Route         1   e 1.020                                  \u_pwm_led/n5950
AluPd       ---     2.037         MB[36] to R[54]          \u_pwm_led/lat_alu_1
Route        12   e 1.516                                  duty_calc_31__N_430[28]
LUT4        ---     0.166              B to Z              \u_pwm_led/i1_2_lut
Route         2   e 1.158                                  n6557
A1_TO_FCO   ---     0.329           B[2] to COUT           _add_1_1796_add_4_5
Route         1   e 0.020                                  n9472
FCI_TO_FCO  ---     0.051            CIN to COUT           _add_1_1796_add_4_7
Route         1   e 0.020                                  n9473
FCI_TO_FCO  ---     0.051            CIN to COUT           _add_1_1796_add_4_9
Route         1   e 0.020                                  n9474
FCI_TO_F    ---     0.322            CIN to S[2]           _add_1_1796_add_4_11
Route        12   e 1.616                                  n1989
A1_TO_FCO   ---     0.329           A[2] to COUT           _add_1_1793_add_4_2
Route         1   e 0.020                                  n9517
FCI_TO_FCO  ---     0.051            CIN to COUT           _add_1_1793_add_4_4
Route         1   e 0.020                                  n9518
FCI_TO_FCO  ---     0.051            CIN to COUT           _add_1_1793_add_4_6
Route         1   e 0.020                                  n9519
FCI_TO_FCO  ---     0.051            CIN to COUT           _add_1_1793_add_4_8
Route         1   e 0.020                                  n9520
FCI_TO_F    ---     0.322            CIN to S[2]           _add_1_1793_add_4_10
Route        12   e 1.616                                  n2012
A1_TO_FCO   ---     0.329           A[2] to COUT           _add_1_1790_add_4_2
Route         1   e 0.020                                  n9557
FCI_TO_FCO  ---     0.051            CIN to COUT           _add_1_1790_add_4_4
Route         1   e 0.020                                  n9558
FCI_TO_FCO  ---     0.051            CIN to COUT           _add_1_1790_add_4_6
Route         1   e 0.020                                  n9559
FCI_TO_FCO  ---     0.051            CIN to COUT           _add_1_1790_add_4_8
Route         1   e 0.020                                  n9560
FCI_TO_F    ---     0.322            CIN to S[2]           _add_1_1790_add_4_10
Route        12   e 1.616                                  n2035
A1_TO_FCO   ---     0.329           A[2] to COUT           _add_1_1787_add_4_2
Route         1   e 0.020                                  n9653
FCI_TO_FCO  ---     0.051            CIN to COUT           _add_1_1787_add_4_4
Route         1   e 0.020                                  n9654
FCI_TO_FCO  ---     0.051            CIN to COUT           _add_1_1787_add_4_6
Route         1   e 0.020                                  n9655
FCI_TO_FCO  ---     0.051            CIN to COUT           _add_1_1787_add_4_8
Route         1   e 0.020                                  n9656
FCI_TO_F    ---     0.322            CIN to S[2]           _add_1_1787_add_4_10
Route        12   e 1.616                                  n2058
A1_TO_FCO   ---     0.329           A[2] to COUT           _add_1_1772_add_4_2
Route         1   e 0.020                                  n9563
FCI_TO_FCO  ---     0.051            CIN to COUT           _add_1_1772_add_4_4
Route         1   e 0.020                                  n9564
FCI_TO_FCO  ---     0.051            CIN to COUT           _add_1_1772_add_4_6
Route         1   e 0.020                                  n9565
FCI_TO_FCO  ---     0.051            CIN to COUT           _add_1_1772_add_4_8
Route         1   e 0.020                                  n9566
FCI_TO_F    ---     0.322            CIN to S[2]           _add_1_1772_add_4_10
Route        12   e 1.616                                  n2081
A1_TO_FCO   ---     0.329           A[2] to COUT           _add_1_1766_add_4_2
Route         1   e 0.020                                  n9543
FCI_TO_FCO  ---     0.051            CIN to COUT           _add_1_1766_add_4_4
Route         1   e 0.020                                  n9544
FCI_TO_FCO  ---     0.051            CIN to COUT           _add_1_1766_add_4_6
Route         1   e 0.020                                  n9545
FCI_TO_FCO  ---     0.051            CIN to COUT           _add_1_1766_add_4_8
Route         1   e 0.020                                  n9546
FCI_TO_F    ---     0.322            CIN to S[2]           _add_1_1766_add_4_10
Route        12   e 1.616                                  n2104
A1_TO_FCO   ---     0.329           A[2] to COUT           _add_1_1859_add_4_2
Route         1   e 0.020                                  n9505
FCI_TO_FCO  ---     0.051            CIN to COUT           _add_1_1859_add_4_4
Route         1   e 0.020                                  n9506
FCI_TO_FCO  ---     0.051            CIN to COUT           _add_1_1859_add_4_6
Route         1   e 0.020                                  n9507
FCI_TO_FCO  ---     0.051            CIN to COUT           _add_1_1859_add_4_8
Route         1   e 0.020                                  n9508
FCI_TO_F    ---     0.322            CIN to S[2]           _add_1_1859_add_4_10
Route        12   e 1.616                                  n2127
A1_TO_FCO   ---     0.329           A[2] to COUT           _add_1_1781_add_4_2
Route         1   e 0.020                                  n9591
FCI_TO_FCO  ---     0.051            CIN to COUT           _add_1_1781_add_4_4
Route         1   e 0.020                                  n9592
FCI_TO_FCO  ---     0.051            CIN to COUT           _add_1_1781_add_4_6
Route         1   e 0.020                                  n9593
FCI_TO_FCO  ---     0.051            CIN to COUT           _add_1_1781_add_4_8
Route         1   e 0.020                                  n9594
FCI_TO_F    ---     0.322            CIN to S[2]           _add_1_1781_add_4_10
Route        12   e 1.616                                  n2150
A1_TO_FCO   ---     0.329           A[2] to COUT           _add_1_1799_add_4_2
Route         1   e 0.020                                  n9537
FCI_TO_FCO  ---     0.051            CIN to COUT           _add_1_1799_add_4_4
Route         1   e 0.020                                  n9538
FCI_TO_FCO  ---     0.051            CIN to COUT           _add_1_1799_add_4_6
Route         1   e 0.020                                  n9539
FCI_TO_FCO  ---     0.051            CIN to COUT           _add_1_1799_add_4_8
Route         1   e 0.020                                  n9540
FCI_TO_F    ---     0.322            CIN to S[2]           _add_1_1799_add_4_10
Route        12   e 1.616                                  n2173
A1_TO_FCO   ---     0.329           A[2] to COUT           _add_1_1805_add_4_2
Route         1   e 0.020                                  n9569
FCI_TO_FCO  ---     0.051            CIN to COUT           _add_1_1805_add_4_4
Route         1   e 0.020                                  n9570
FCI_TO_FCO  ---     0.051            CIN to COUT           _add_1_1805_add_4_6
Route         1   e 0.020                                  n9571
FCI_TO_FCO  ---     0.051            CIN to COUT           _add_1_1805_add_4_8
Route         1   e 0.020                                  n9572
FCI_TO_F    ---     0.322            CIN to S[2]           _add_1_1805_add_4_10
Route        12   e 1.616                                  n2196
A1_TO_FCO   ---     0.329           A[2] to COUT           _add_1_1808_add_4_2
Route         1   e 0.020                                  n9597
FCI_TO_FCO  ---     0.051            CIN to COUT           _add_1_1808_add_4_4
Route         1   e 0.020                                  n9598
FCI_TO_FCO  ---     0.051            CIN to COUT           _add_1_1808_add_4_6
Route         1   e 0.020                                  n9599
FCI_TO_FCO  ---     0.051            CIN to COUT           _add_1_1808_add_4_8
Route         1   e 0.020                                  n9600
FCI_TO_F    ---     0.322            CIN to S[2]           _add_1_1808_add_4_10
Route        12   e 1.616                                  n2219
A1_TO_FCO   ---     0.329           A[2] to COUT           _add_1_1811_add_4_2
Route         1   e 0.020                                  n9603
FCI_TO_FCO  ---     0.051            CIN to COUT           _add_1_1811_add_4_4
Route         1   e 0.020                                  n9604
FCI_TO_FCO  ---     0.051            CIN to COUT           _add_1_1811_add_4_6
Route         1   e 0.020                                  n9605
FCI_TO_FCO  ---     0.051            CIN to COUT           _add_1_1811_add_4_8
Route         1   e 0.020                                  n9606
FCI_TO_F    ---     0.322            CIN to S[2]           _add_1_1811_add_4_10
Route        12   e 1.616                                  n2242
A1_TO_FCO   ---     0.329           A[2] to COUT           _add_1_1814_add_4_2
Route         1   e 0.020                                  n9609
FCI_TO_FCO  ---     0.051            CIN to COUT           _add_1_1814_add_4_4
Route         1   e 0.020                                  n9610
FCI_TO_FCO  ---     0.051            CIN to COUT           _add_1_1814_add_4_6
Route         1   e 0.020                                  n9611
FCI_TO_FCO  ---     0.051            CIN to COUT           _add_1_1814_add_4_8
Route         1   e 0.020                                  n9612
FCI_TO_F    ---     0.322            CIN to S[2]           _add_1_1814_add_4_10
Route        12   e 1.616                                  n2265
A1_TO_FCO   ---     0.329           A[2] to COUT           _add_1_1817_add_4_2
Route         1   e 0.020                                  n9615
FCI_TO_FCO  ---     0.051            CIN to COUT           _add_1_1817_add_4_4
Route         1   e 0.020                                  n9616
FCI_TO_FCO  ---     0.051            CIN to COUT           _add_1_1817_add_4_6
Route         1   e 0.020                                  n9617
FCI_TO_FCO  ---     0.051            CIN to COUT           _add_1_1817_add_4_8
Route         1   e 0.020                                  n9618
FCI_TO_F    ---     0.322            CIN to S[2]           _add_1_1817_add_4_10
Route        12   e 1.616                                  n2288
A1_TO_FCO   ---     0.329           A[2] to COUT           _add_1_1820_add_4_2
Route         1   e 0.020                                  n9621
FCI_TO_FCO  ---     0.051            CIN to COUT           _add_1_1820_add_4_4
Route         1   e 0.020                                  n9622
FCI_TO_FCO  ---     0.051            CIN to COUT           _add_1_1820_add_4_6
Route         1   e 0.020                                  n9623
FCI_TO_FCO  ---     0.051            CIN to COUT           _add_1_1820_add_4_8
Route         1   e 0.020                                  n9624
FCI_TO_F    ---     0.322            CIN to S[2]           _add_1_1820_add_4_10
Route        12   e 1.616                                  n2311
A1_TO_FCO   ---     0.329           A[2] to COUT           _add_1_1823_add_4_2
Route         1   e 0.020                                  n9627
FCI_TO_FCO  ---     0.051            CIN to COUT           _add_1_1823_add_4_4
Route         1   e 0.020                                  n9628
FCI_TO_FCO  ---     0.051            CIN to COUT           _add_1_1823_add_4_6
Route         1   e 0.020                                  n9629
FCI_TO_FCO  ---     0.051            CIN to COUT           _add_1_1823_add_4_8
Route         1   e 0.020                                  n9630
FCI_TO_F    ---     0.322            CIN to S[2]           _add_1_1823_add_4_10
Route        12   e 1.616                                  n2334
A1_TO_FCO   ---     0.329           A[2] to COUT           _add_1_1826_add_4_2
Route         1   e 0.020                                  n9647
FCI_TO_FCO  ---     0.051            CIN to COUT           _add_1_1826_add_4_4
Route         1   e 0.020                                  n9648
FCI_TO_FCO  ---     0.051            CIN to COUT           _add_1_1826_add_4_6
Route         1   e 0.020                                  n9649
FCI_TO_FCO  ---     0.051            CIN to COUT           _add_1_1826_add_4_8
Route         1   e 0.020                                  n9650
FCI_TO_F    ---     0.322            CIN to S[2]           _add_1_1826_add_4_10
Route        12   e 1.616                                  n2357
A1_TO_FCO   ---     0.329           A[2] to COUT           _add_1_1829_add_4_2
Route         1   e 0.020                                  n9659
FCI_TO_FCO  ---     0.051            CIN to COUT           _add_1_1829_add_4_4
Route         1   e 0.020                                  n9660
FCI_TO_FCO  ---     0.051            CIN to COUT           _add_1_1829_add_4_6
Route         1   e 0.020                                  n9661
FCI_TO_FCO  ---     0.051            CIN to COUT           _add_1_1829_add_4_8
Route         1   e 0.020                                  n9662
FCI_TO_F    ---     0.322            CIN to S[2]           _add_1_1829_add_4_10
Route        12   e 1.616                                  n2380
A1_TO_FCO   ---     0.329           A[2] to COUT           _add_1_1832_add_4_2
Route         1   e 0.020                                  n9665
FCI_TO_FCO  ---     0.051            CIN to COUT           _add_1_1832_add_4_4
Route         1   e 0.020                                  n9666
FCI_TO_FCO  ---     0.051            CIN to COUT           _add_1_1832_add_4_6
Route         1   e 0.020                                  n9667
FCI_TO_FCO  ---     0.051            CIN to COUT           _add_1_1832_add_4_8
Route         1   e 0.020                                  n9668
FCI_TO_F    ---     0.322            CIN to S[2]           _add_1_1832_add_4_10
Route        12   e 1.616                                  n2403
A1_TO_FCO   ---     0.329           A[2] to COUT           _add_1_1835_add_4_2
Route         1   e 0.020                                  n9493
FCI_TO_FCO  ---     0.051            CIN to COUT           _add_1_1835_add_4_4
Route         1   e 0.020                                  n9494
FCI_TO_FCO  ---     0.051            CIN to COUT           _add_1_1835_add_4_6
Route         1   e 0.020                                  n9495
FCI_TO_FCO  ---     0.051            CIN to COUT           _add_1_1835_add_4_8
Route         1   e 0.020                                  n9496
FCI_TO_F    ---     0.322            CIN to S[2]           _add_1_1835_add_4_10
Route        12   e 1.616                                  n2426
A1_TO_FCO   ---     0.329           A[2] to COUT           _add_1_1838_add_4_2
Route         1   e 0.020                                  n9499
FCI_TO_FCO  ---     0.051            CIN to COUT           _add_1_1838_add_4_4
Route         1   e 0.020                                  n9500
FCI_TO_FCO  ---     0.051            CIN to COUT           _add_1_1838_add_4_6
Route         1   e 0.020                                  n9501
FCI_TO_FCO  ---     0.051            CIN to COUT           _add_1_1838_add_4_8
Route         1   e 0.020                                  n9502
FCI_TO_F    ---     0.322            CIN to S[2]           _add_1_1838_add_4_10
Route        12   e 1.616                                  n2449
A1_TO_FCO   ---     0.329           A[2] to COUT           _add_1_1841_add_4_2
Route         1   e 0.020                                  n9449
FCI_TO_FCO  ---     0.051            CIN to COUT           _add_1_1841_add_4_4
Route         1   e 0.020                                  n9450
FCI_TO_FCO  ---     0.051            CIN to COUT           _add_1_1841_add_4_6
Route         1   e 0.020                                  n9451
FCI_TO_FCO  ---     0.051            CIN to COUT           _add_1_1841_add_4_8
Route         1   e 0.020                                  n9452
FCI_TO_F    ---     0.322            CIN to S[2]           _add_1_1841_add_4_10
Route        12   e 1.616                                  n2472
A1_TO_FCO   ---     0.329           A[2] to COUT           _add_1_1844_add_4_2
Route         1   e 0.020                                  n9523
FCI_TO_FCO  ---     0.051            CIN to COUT           _add_1_1844_add_4_4
Route         1   e 0.020                                  n9524
FCI_TO_FCO  ---     0.051            CIN to COUT           _add_1_1844_add_4_6
Route         1   e 0.020                                  n9525
FCI_TO_FCO  ---     0.051            CIN to COUT           _add_1_1844_add_4_8
Route         1   e 0.020                                  n9526
FCI_TO_F    ---     0.322            CIN to S[2]           _add_1_1844_add_4_10
Route        12   e 1.616                                  n2495
A1_TO_FCO   ---     0.329           A[2] to COUT           _add_1_1847_add_4_2
Route         1   e 0.020                                  n9511
FCI_TO_FCO  ---     0.051            CIN to COUT           _add_1_1847_add_4_4
Route         1   e 0.020                                  n9512
FCI_TO_FCO  ---     0.051            CIN to COUT           _add_1_1847_add_4_6
Route         1   e 0.020                                  n9513
FCI_TO_FCO  ---     0.051            CIN to COUT           _add_1_1847_add_4_8
Route         1   e 0.020                                  n9514
FCI_TO_F    ---     0.322            CIN to S[2]           _add_1_1847_add_4_10
Route        12   e 1.616                                  n2518
A1_TO_FCO   ---     0.329           A[2] to COUT           _add_1_1850_add_4_2
Route         1   e 0.020                                  n9641
FCI_TO_FCO  ---     0.051            CIN to COUT           _add_1_1850_add_4_4
Route         1   e 0.020                                  n9642
FCI_TO_FCO  ---     0.051            CIN to COUT           _add_1_1850_add_4_6
Route         1   e 0.020                                  n9643
FCI_TO_FCO  ---     0.051            CIN to COUT           _add_1_1850_add_4_8
Route         1   e 0.020                                  n9644
FCI_TO_F    ---     0.322            CIN to S[2]           _add_1_1850_add_4_10
Route        11   e 1.599                                  n2541
A1_TO_FCO   ---     0.329           A[2] to COUT           _add_1_add_4_2
Route         1   e 0.020                                  n9487
FCI_TO_FCO  ---     0.051            CIN to COUT           _add_1_add_4_4
Route         1   e 0.020                                  n9488
FCI_TO_FCO  ---     0.051            CIN to COUT           _add_1_add_4_6
Route         1   e 0.020                                  n9489
FCI_TO_FCO  ---     0.051            CIN to COUT           _add_1_add_4_8
Route         1   e 0.020                                  n9490
FCI_TO_F    ---     0.322            CIN to S[2]           _add_1_add_4_10
Route         1   e 1.020                                  n24
LUT4        ---     0.166              A to Z              \u_pwm_led/i426_1_lut
Route         1   e 1.020                                  \u_pwm_led/duty_calc_31__N_381[1]
                  --------
                   78.346  (34.9% logic, 65.1% route), 143 logic levels.

Warning: 78.171 ns is the maximum delay for this constraint.


Timing Report Summary
--------------
--------------------------------------------------------------------------------
Constraint                              |   Constraint|       Actual|Levels
--------------------------------------------------------------------------------
                                        |             |             |
create_clock -period 5.000000 -name     |             |             |
clk0 [get_nets fastclk_c]               |     5.000 ns|    78.171 ns|   143 *
                                        |             |             |
--------------------------------------------------------------------------------


1 constraints not met.

--------------------------------------------------------------------------------
Critical Nets                           |   Loads|  Errors| % of total
--------------------------------------------------------------------------------
\u_pwm_led/duty_calc_31__N_381[1]       |       1|    4096|     99.00%
                                        |        |        |
dist_clamped[1]                         |       1|    4096|     99.00%
                                        |        |        |
duty_calc_31__N_430[28]                 |      12|    4096|     99.00%
                                        |        |        |
n24                                     |       1|    4096|     99.00%
                                        |        |        |
n39_adj_514                             |      16|    4096|     99.00%
                                        |        |        |
n1989                                   |      12|    4096|     99.00%
                                        |        |        |
n2012                                   |      12|    4096|     99.00%
                                        |        |        |
n2035                                   |      12|    4096|     99.00%
                                        |        |        |
n2058                                   |      12|    4096|     99.00%
                                        |        |        |
n2081                                   |      12|    4096|     99.00%
                                        |        |        |
n2104                                   |      12|    4096|     99.00%
                                        |        |        |
n2127                                   |      12|    4096|     99.00%
                                        |        |        |
n2150                                   |      12|    4096|     99.00%
                                        |        |        |
n2173                                   |      12|    4096|     99.00%
                                        |        |        |
n2196                                   |      12|    4096|     99.00%
                                        |        |        |
n2219                                   |      12|    4096|     99.00%
                                        |        |        |
n2242                                   |      12|    4096|     99.00%
                                        |        |        |
n2265                                   |      12|    4096|     99.00%
                                        |        |        |
n2288                                   |      12|    4096|     99.00%
                                        |        |        |
n2311                                   |      12|    4096|     99.00%
                                        |        |        |
n2334                                   |      12|    4096|     99.00%
                                        |        |        |
n2357                                   |      12|    4096|     99.00%
                                        |        |        |
n2380                                   |      12|    4096|     99.00%
                                        |        |        |
n2403                                   |      12|    4096|     99.00%
                                        |        |        |
n2426                                   |      12|    4096|     99.00%
                                        |        |        |
n2449                                   |      12|    4096|     99.00%
                                        |        |        |
n2472                                   |      12|    4096|     99.00%
                                        |        |        |
n2495                                   |      12|    4096|     99.00%
                                        |        |        |
n2518                                   |      12|    4096|     99.00%
                                        |        |        |
n2541                                   |      11|    4096|     99.00%
                                        |        |        |
n6557                                   |       2|    4096|     99.00%
                                        |        |        |
n9449                                   |       1|    4096|     99.00%
                                        |        |        |
n9450                                   |       1|    4096|     99.00%
                                        |        |        |
n9451                                   |       1|    4096|     99.00%
                                        |        |        |
n9452                                   |       1|    4096|     99.00%
                                        |        |        |
n9472                                   |       1|    4096|     99.00%
                                        |        |        |
n9473                                   |       1|    4096|     99.00%
                                        |        |        |
n9474                                   |       1|    4096|     99.00%
                                        |        |        |
n9487                                   |       1|    4096|     99.00%
                                        |        |        |
n9488                                   |       1|    4096|     99.00%
                                        |        |        |
n9489                                   |       1|    4096|     99.00%
                                        |        |        |
n9490                                   |       1|    4096|     99.00%
                                        |        |        |
n9493                                   |       1|    4096|     99.00%
                                        |        |        |
n9494                                   |       1|    4096|     99.00%
                                        |        |        |
n9495                                   |       1|    4096|     99.00%
                                        |        |        |
n9496                                   |       1|    4096|     99.00%
                                        |        |        |
n9499                                   |       1|    4096|     99.00%
                                        |        |        |
n9500                                   |       1|    4096|     99.00%
                                        |        |        |
n9501                                   |       1|    4096|     99.00%
                                        |        |        |
n9502                                   |       1|    4096|     99.00%
                                        |        |        |
n9505                                   |       1|    4096|     99.00%
                                        |        |        |
n9506                                   |       1|    4096|     99.00%
                                        |        |        |
n9507                                   |       1|    4096|     99.00%
                                        |        |        |
n9508                                   |       1|    4096|     99.00%
                                        |        |        |
n9511                                   |       1|    4096|     99.00%
                                        |        |        |
n9512                                   |       1|    4096|     99.00%
                                        |        |        |
n9513                                   |       1|    4096|     99.00%
                                        |        |        |
n9514                                   |       1|    4096|     99.00%
                                        |        |        |
n9517                                   |       1|    4096|     99.00%
                                        |        |        |
n9518                                   |       1|    4096|     99.00%
                                        |        |        |
n9519                                   |       1|    4096|     99.00%
                                        |        |        |
n9520                                   |       1|    4096|     99.00%
                                        |        |        |
n9523                                   |       1|    4096|     99.00%
                                        |        |        |
n9524                                   |       1|    4096|     99.00%
                                        |        |        |
n9525                                   |       1|    4096|     99.00%
                                        |        |        |
n9526                                   |       1|    4096|     99.00%
                                        |        |        |
n9537                                   |       1|    4096|     99.00%
                                        |        |        |
n9538                                   |       1|    4096|     99.00%
                                        |        |        |
n9539                                   |       1|    4096|     99.00%
                                        |        |        |
n9540                                   |       1|    4096|     99.00%
                                        |        |        |
n9543                                   |       1|    4096|     99.00%
                                        |        |        |
n9544                                   |       1|    4096|     99.00%
                                        |        |        |
n9545                                   |       1|    4096|     99.00%
                                        |        |        |
n9546                                   |       1|    4096|     99.00%
                                        |        |        |
n9548                                   |       1|    4096|     99.00%
                                        |        |        |
n9549                                   |       1|    4096|     99.00%
                                        |        |        |
n9550                                   |       1|    4096|     99.00%
                                        |        |        |
n9551                                   |       1|    4096|     99.00%
                                        |        |        |
n9552                                   |       1|    4096|     99.00%
                                        |        |        |
n9553                                   |       1|    4096|     99.00%
                                        |        |        |
n9554                                   |       1|    4096|     99.00%
                                        |        |        |
n9555                                   |       1|    4096|     99.00%
                                        |        |        |
n9557                                   |       1|    4096|     99.00%
                                        |        |        |
n9558                                   |       1|    4096|     99.00%
                                        |        |        |
n9559                                   |       1|    4096|     99.00%
                                        |        |        |
n9560                                   |       1|    4096|     99.00%
                                        |        |        |
n9563                                   |       1|    4096|     99.00%
                                        |        |        |
n9564                                   |       1|    4096|     99.00%
                                        |        |        |
n9565                                   |       1|    4096|     99.00%
                                        |        |        |
n9566                                   |       1|    4096|     99.00%
                                        |        |        |
n9569                                   |       1|    4096|     99.00%
                                        |        |        |
n9570                                   |       1|    4096|     99.00%
                                        |        |        |
n9571                                   |       1|    4096|     99.00%
                                        |        |        |
n9572                                   |       1|    4096|     99.00%
                                        |        |        |
n9591                                   |       1|    4096|     99.00%
                                        |        |        |
n9592                                   |       1|    4096|     99.00%
                                        |        |        |
n9593                                   |       1|    4096|     99.00%
                                        |        |        |
n9594                                   |       1|    4096|     99.00%
                                        |        |        |
n9597                                   |       1|    4096|     99.00%
                                        |        |        |
n9598                                   |       1|    4096|     99.00%
                                        |        |        |
n9599                                   |       1|    4096|     99.00%
                                        |        |        |
n9600                                   |       1|    4096|     99.00%
                                        |        |        |
n9603                                   |       1|    4096|     99.00%
                                        |        |        |
n9604                                   |       1|    4096|     99.00%
                                        |        |        |
n9605                                   |       1|    4096|     99.00%
                                        |        |        |
n9606                                   |       1|    4096|     99.00%
                                        |        |        |
n9609                                   |       1|    4096|     99.00%
                                        |        |        |
n9610                                   |       1|    4096|     99.00%
                                        |        |        |
n9611                                   |       1|    4096|     99.00%
                                        |        |        |
n9612                                   |       1|    4096|     99.00%
                                        |        |        |
n9615                                   |       1|    4096|     99.00%
                                        |        |        |
n9616                                   |       1|    4096|     99.00%
                                        |        |        |
n9617                                   |       1|    4096|     99.00%
                                        |        |        |
n9618                                   |       1|    4096|     99.00%
                                        |        |        |
n9621                                   |       1|    4096|     99.00%
                                        |        |        |
n9622                                   |       1|    4096|     99.00%
                                        |        |        |
n9623                                   |       1|    4096|     99.00%
                                        |        |        |
n9624                                   |       1|    4096|     99.00%
                                        |        |        |
n9627                                   |       1|    4096|     99.00%
                                        |        |        |
n9628                                   |       1|    4096|     99.00%
                                        |        |        |
n9629                                   |       1|    4096|     99.00%
                                        |        |        |
n9630                                   |       1|    4096|     99.00%
                                        |        |        |
n9641                                   |       1|    4096|     99.00%
                                        |        |        |
n9642                                   |       1|    4096|     99.00%
                                        |        |        |
n9643                                   |       1|    4096|     99.00%
                                        |        |        |
n9644                                   |       1|    4096|     99.00%
                                        |        |        |
n9647                                   |       1|    4096|     99.00%
                                        |        |        |
n9648                                   |       1|    4096|     99.00%
                                        |        |        |
n9649                                   |       1|    4096|     99.00%
                                        |        |        |
n9650                                   |       1|    4096|     99.00%
                                        |        |        |
n9653                                   |       1|    4096|     99.00%
                                        |        |        |
n9654                                   |       1|    4096|     99.00%
                                        |        |        |
n9655                                   |       1|    4096|     99.00%
                                        |        |        |
n9656                                   |       1|    4096|     99.00%
                                        |        |        |
n9659                                   |       1|    4096|     99.00%
                                        |        |        |
n9660                                   |       1|    4096|     99.00%
                                        |        |        |
n9661                                   |       1|    4096|     99.00%
                                        |        |        |
n9662                                   |       1|    4096|     99.00%
                                        |        |        |
n9665                                   |       1|    4096|     99.00%
                                        |        |        |
n9666                                   |       1|    4096|     99.00%
                                        |        |        |
n9667                                   |       1|    4096|     99.00%
                                        |        |        |
n9668                                   |       1|    4096|     99.00%
                                        |        |        |
\u_pwm_led/n5877                        |       1|     704|     17.19%
                                        |        |        |
--------------------------------------------------------------------------------


Timing summary:
---------------

Timing errors: 4096  Score: 299708416

Constraints cover >4294967295 paths, 1224 nets, and 2830 connections (96.6% coverage)


Peak memory: 196067328 bytes, TRCE: 77553664 bytes, DLYMAN: 163840 bytes
CPU_TIME_REPORT: 0 secs 
